[ag.highradius.com/RRDMSProject/signin.html]
[backblue.gif]
[fade.gif]
[index.html]
[ag.highradius.com/RRDMSProject/static/images/hrc_trifecta_favicon.ico]
[ag.highradius.com/RRDMSProject/static/extjs6/build/development/theme-triton-6.0.2/resources/theme-triton-all_1.css]
[ag.highradius.com/RRDMSProject/static/extjs6/build/development/theme-triton-6.0.2/resources/theme-triton-all_2.css]
[ag.highradius.com/RRDMSProject/static/css/login6.css]
[ag.highradius.com/RRDMSProject/static/images/loadanim.gif]
[ag.highradius.com/RRDMSProject/static/extjs6/build/development/theme-triton-6.0.2/resources/fonts/OpenSans-Regular.ttf]
[ag.highradius.com/RRDMSProject/static/extjs6/app/view/util/sha256.js]
[ag.highradius.com/RRDMSProject/static/extjs6ml/dms-index319b.js]
[ag.highradius.com/RRDMSProject/serviceWorker.js]
[ag.highradius.com/RRDMSProject/static/extjs6/ext/build/ext-all-6.0.2.js]
[ag.highradius.com/RRDMSProject/static/images/hands.svg]
[ag.highradius.com/RRDMSProject/static/images/trifectra_theme/HRC_trifectra.svg]
[ag.highradius.com/RRDMSProject/static/images/trifectra_theme/trifectra_loading.gif]
[ag.highradius.com/RRDMSProject/static/images/trifectra_theme/trifectra_language24.svg]
[ag.highradius.com/RRDMSProject/signin.html]
[ag.highradius.com/RRDMSProject/static/extjs6/build/development/theme-triton-6.0.2/resources/theme-triton-all_1.css]
[ag.highradius.com/RRDMSProject/static/extjs6/build/development/theme-triton-6.0.2/resources/images/btn/btn-plain-toolbar-small-over-corners.gif]
[ag.highradius.com/RRDMSProject/static/extjs6/build/development/theme-triton-6.0.2/resources/images/btn/btn-plain-toolbar-small-over-sides.gif]
[ag.highradius.com/RRDMSProject/static/extjs6/build/development/theme-triton-6.0.2/resources/images/btn/btn-plain-toolbar-small-focus-over-corners.gif]
[ag.highradius.com/RRDMSProject/static/extjs6/build/development/theme-triton-6.0.2/resources/images/btn/btn-plain-toolbar-small-focus-over-sides.gif]
[ag.highradius.com/RRDMSProject/static/extjs6/build/development/theme-triton-6.0.2/resources/images/btn/btn-plain-toolbar-small-pressed-corners.gif]
[ag.highradius.com/RRDMSProject/static/extjs6/build/development/theme-triton-6.0.2/resources/images/btn/btn-plain-toolbar-small-pressed-sides.gif]
[ag.highradius.com/RRDMSProject/static/extjs6/build/development/theme-triton-6.0.2/resources/images/btn/btn-plain-toolbar-small-focus-pressed-corners.gif]
[ag.highradius.com/RRDMSProject/static/extjs6/build/development/theme-triton-6.0.2/resources/images/btn/btn-plain-toolbar-small-focus-pressed-sides.gif]
[ag.highradius.com/RRDMSProject/static/extjs6/build/development/theme-triton-6.0.2/resources/images/btn/btn-plain-toolbar-medium-over-corners.gif]
[ag.highradius.com/RRDMSProject/static/extjs6/build/development/theme-triton-6.0.2/resources/images/btn/btn-plain-toolbar-medium-over-sides.gif]
[ag.highradius.com/RRDMSProject/static/extjs6/build/development/theme-triton-6.0.2/resources/images/btn/btn-plain-toolbar-medium-focus-over-corners.gif]
[ag.highradius.com/RRDMSProject/static/extjs6/build/development/theme-triton-6.0.2/resources/images/btn/btn-plain-toolbar-medium-focus-over-sides.gif]
[ag.highradius.com/RRDMSProject/static/extjs6/build/development/theme-triton-6.0.2/resources/images/btn/btn-plain-toolbar-medium-pressed-corners.gif]
[ag.highradius.com/RRDMSProject/static/extjs6/build/development/theme-triton-6.0.2/resources/images/btn/btn-plain-toolbar-medium-pressed-sides.gif]
[ag.highradius.com/RRDMSProject/static/extjs6/build/development/theme-triton-6.0.2/resources/images/btn/btn-plain-toolbar-medium-focus-pressed-corners.gif]
[ag.highradius.com/RRDMSProject/static/extjs6/build/development/theme-triton-6.0.2/resources/images/btn/btn-plain-toolbar-medium-focus-pressed-sides.gif]
[ag.highradius.com/RRDMSProject/static/extjs6/build/development/theme-triton-6.0.2/resources/images/btn/btn-plain-toolbar-large-over-corners.gif]
[ag.highradius.com/RRDMSProject/static/extjs6/build/development/theme-triton-6.0.2/resources/images/btn/btn-plain-toolbar-large-over-sides.gif]
[ag.highradius.com/RRDMSProject/static/extjs6/build/development/theme-triton-6.0.2/resources/images/btn/btn-plain-toolbar-large-focus-over-corners.gif]
[ag.highradius.com/RRDMSProject/static/extjs6/build/development/theme-triton-6.0.2/resources/images/btn/btn-plain-toolbar-large-focus-over-sides.gif]
[ag.highradius.com/RRDMSProject/static/extjs6/build/development/theme-triton-6.0.2/resources/images/btn/btn-plain-toolbar-large-pressed-corners.gif]
[ag.highradius.com/RRDMSProject/static/extjs6/build/development/theme-triton-6.0.2/resources/images/btn/btn-plain-toolbar-large-pressed-sides.gif]
[ag.highradius.com/RRDMSProject/static/extjs6/build/development/theme-triton-6.0.2/resources/images/btn/btn-plain-toolbar-large-focus-pressed-corners.gif]
[ag.highradius.com/RRDMSProject/static/extjs6/build/development/theme-triton-6.0.2/resources/images/btn/btn-plain-toolbar-large-focus-pressed-sides.gif]
[ag.highradius.com/RRDMSProject/static/extjs6/build/development/theme-triton-6.0.2/resources/images/panel/panel-light-framed-corners.gif]
[ag.highradius.com/RRDMSProject/static/extjs6/build/development/theme-triton-6.0.2/resources/images/panel/panel-light-framed-sides.gif]
[ag.highradius.com/RRDMSProject/static/extjs6/build/development/theme-triton-6.0.2/resources/images/panel-header/panel-header-light-framed-top-corners.gif]
[ag.highradius.com/RRDMSProject/static/extjs6/build/development/theme-triton-6.0.2/resources/images/panel-header/panel-header-light-framed-top-sides.gif]
[ag.highradius.com/RRDMSProject/static/extjs6/build/development/theme-triton-6.0.2/resources/images/panel-header/panel-header-light-framed-right-corners.gif]
[ag.highradius.com/RRDMSProject/static/extjs6/build/development/theme-triton-6.0.2/resources/images/panel-header/panel-header-light-framed-right-sides.gif]
[ag.highradius.com/RRDMSProject/static/extjs6/build/development/theme-triton-6.0.2/resources/images/panel-header/panel-header-light-framed-bottom-corners.gif]
[ag.highradius.com/RRDMSProject/static/extjs6/build/development/theme-triton-6.0.2/resources/images/panel-header/panel-header-light-framed-bottom-sides.gif]
[ag.highradius.com/RRDMSProject/static/extjs6/build/development/theme-triton-6.0.2/resources/images/panel-header/panel-header-light-framed-left-corners.gif]
[ag.highradius.com/RRDMSProject/static/extjs6/build/development/theme-triton-6.0.2/resources/images/panel-header/panel-header-light-framed-left-sides.gif]
[ag.highradius.com/RRDMSProject/static/extjs6/build/development/theme-triton-6.0.2/resources/images/panel-header/panel-header-light-framed-collapsed-top-corners.gif]
[ag.highradius.com/RRDMSProject/static/extjs6/build/development/theme-triton-6.0.2/resources/images/panel-header/panel-header-light-framed-collapsed-top-sides.gif]
[ag.highradius.com/RRDMSProject/static/extjs6/build/development/theme-triton-6.0.2/resources/images/panel-header/panel-header-light-framed-collapsed-right-corners.gif]
[ag.highradius.com/RRDMSProject/static/extjs6/build/development/theme-triton-6.0.2/resources/images/panel-header/panel-header-light-framed-collapsed-right-sides.gif]
[ag.highradius.com/RRDMSProject/static/extjs6/build/development/theme-triton-6.0.2/resources/images/panel-header/panel-header-light-framed-collapsed-bottom-corners.gif]
[ag.highradius.com/RRDMSProject/static/extjs6/build/development/theme-triton-6.0.2/resources/images/panel-header/panel-header-light-framed-collapsed-bottom-sides.gif]
[ag.highradius.com/RRDMSProject/static/extjs6/build/development/theme-triton-6.0.2/resources/images/panel-header/panel-header-light-framed-collapsed-left-corners.gif]
[ag.highradius.com/RRDMSProject/static/extjs6/build/development/theme-triton-6.0.2/resources/images/panel-header/panel-header-light-framed-collapsed-left-sides.gif]
[ag.highradius.com/RRDMSProject/static/extjs6/build/development/theme-triton-6.0.2/resources/font-awesome/fonts/fontawesome-webfont93e3.eot]
[ag.highradius.com/RRDMSProject/static/extjs6/build/development/theme-triton-6.0.2/resources/font-awesome/fonts/fontawesome-webfontd41d.eot]
[ag.highradius.com/RRDMSProject/static/extjs6/build/development/theme-triton-6.0.2/resources/font-awesome/fonts/fontawesome-webfont93e3.woff]
[ag.highradius.com/RRDMSProject/static/extjs6/build/development/theme-triton-6.0.2/resources/font-awesome/fonts/fontawesome-webfont93e3.ttf]
[ag.highradius.com/RRDMSProject/static/extjs6/build/development/theme-triton-6.0.2/resources/font-awesome/fonts/fontawesome-webfont93e3.svg]
[ag.highradius.com/RRDMSProject/static/extjs6/build/development/theme-triton-6.0.2/resources/font-ext/fonts/ExtJSd56c.eot]
[ag.highradius.com/RRDMSProject/static/extjs6/build/development/theme-triton-6.0.2/resources/font-ext/fonts/ExtJSd41d.eot]
[ag.highradius.com/RRDMSProject/static/extjs6/build/development/theme-triton-6.0.2/resources/font-ext/fonts/ExtJSd56c.ttf]
[ag.highradius.com/RRDMSProject/static/extjs6/build/development/theme-triton-6.0.2/resources/font-ext/fonts/ExtJSd56c.woff]
[ag.highradius.com/RRDMSProject/static/extjs6/build/development/theme-triton-6.0.2/resources/font-ext/fonts/ExtJSd56c.svg]
[ag.highradius.com/RRDMSProject/static/extjs6/build/development/theme-triton-6.0.2/resources/fonts/OpenSans-Light.ttf]
[ag.highradius.com/RRDMSProject/static/extjs6/build/development/theme-triton-6.0.2/resources/fonts/OpenSans-LightItalic.ttf]
[ag.highradius.com/RRDMSProject/static/extjs6/build/development/theme-triton-6.0.2/resources/fonts/OpenSans-Italic.ttf]
[ag.highradius.com/RRDMSProject/static/extjs6/build/development/theme-triton-6.0.2/resources/fonts/OpenSans-Semibold.ttf]
[ag.highradius.com/RRDMSProject/static/extjs6/build/development/theme-triton-6.0.2/resources/fonts/OpenSans-SemiboldItalic.ttf]
[ag.highradius.com/RRDMSProject/static/extjs6/build/development/theme-triton-6.0.2/resources/fonts/OpenSans-Bold.ttf]
[ag.highradius.com/RRDMSProject/static/extjs6/build/development/theme-triton-6.0.2/resources/fonts/OpenSans-BoldItalic.ttf]
[ag.highradius.com/RRDMSProject/static/extjs6/build/development/theme-triton-6.0.2/resources/fonts/OpenSans-ExtraBold.ttf]
[ag.highradius.com/RRDMSProject/static/extjs6/build/development/theme-triton-6.0.2/resources/theme-triton-all_2.css]
[ag.highradius.com/RRDMSProject/static/extjs6/build/development/theme-triton-6.0.2/resources/fonts/OpenSans-ExtraBoldItalic.ttf]
[ag.highradius.com/RRDMSProject/static/images/loginbg.jpg]
[ag.highradius.com/RRDMSProject/static/images/HRLogo_6.png]
[ag.highradius.com/RRDMSProject/static/css/login6.css]
[ag.highradius.com/RRDMSProject/static/images/hands.svg]
[ag.highradius.com/RRDMSProject/static/images/trifectra_theme/HRC_trifectra.svg]
[ag.highradius.com/RRDMSProject/static/images/trifectra_theme/trifectra_language24.svg]
[ag.highradius.com/RRDMSProject/static/extjs6/build/development/theme-triton-6.0.2/resources/images/btn/btn-plain-toolbar-small-focus-corners.html]
[ag.highradius.com/RRDMSProject/static/extjs6/build/development/theme-triton-6.0.2/resources/images/btn/btn-plain-toolbar-small-focus-sides.html]
[ag.highradius.com/RRDMSProject/static/extjs6/build/development/theme-triton-6.0.2/resources/images/btn/btn-plain-toolbar-small-disabled-corners.html]
[ag.highradius.com/RRDMSProject/static/extjs6/build/development/theme-triton-6.0.2/resources/images/btn/btn-plain-toolbar-small-disabled-sides.html]
[ag.highradius.com/RRDMSProject/static/extjs6/build/development/theme-triton-6.0.2/resources/images/btn/btn-plain-toolbar-medium-focus-corners.html]
[ag.highradius.com/RRDMSProject/static/extjs6/build/development/theme-triton-6.0.2/resources/images/btn/btn-plain-toolbar-medium-focus-sides.html]
[ag.highradius.com/RRDMSProject/static/extjs6/build/development/theme-triton-6.0.2/resources/images/btn/btn-plain-toolbar-medium-disabled-corners.html]
[ag.highradius.com/RRDMSProject/static/extjs6/build/development/theme-triton-6.0.2/resources/images/btn/btn-plain-toolbar-medium-disabled-sides.html]
[ag.highradius.com/RRDMSProject/static/extjs6/build/development/theme-triton-6.0.2/resources/images/btn/btn-plain-toolbar-large-focus-corners.html]
[ag.highradius.com/RRDMSProject/static/extjs6/build/development/theme-triton-6.0.2/resources/images/btn/btn-plain-toolbar-large-focus-sides.html]
[ag.highradius.com/RRDMSProject/static/extjs6/build/development/theme-triton-6.0.2/resources/images/btn/btn-plain-toolbar-large-disabled-corners.html]
[ag.highradius.com/RRDMSProject/static/extjs6/build/development/theme-triton-6.0.2/resources/images/btn/btn-plain-toolbar-large-disabled-sides.html]
[ag.highradius.com/RRDMSProject/static/extjs6/build/development/theme-triton-6.0.2/resources/font-awesome/fonts/fontawesome-webfont93e3.html]
[ag.highradius.com/RRDMSProject/static/extjs6/build/development/theme-triton-6.0.2/resources/font-awesome/fonts/fontawesome-webfont93e3.svg]
[ag.highradius.com/RRDMSProject/static/extjs6/build/development/theme-triton-6.0.2/resources/font-ext/fonts/ExtJSd56c.svg]
